INFO 20240915 21:02:53 PM : Have begun to run
INFO 20240915 21:02:57 PM : Have entered the game
INFO 20240915 21:03:00 PM : Have ended running successfully,passed the game 0 times
ERROR 20240915 21:03:00 PM : 'pop_ground' object has no attribute 'chcek_rect'

INFO 20240915 21:03:25 PM : Have begun to run
INFO 20240915 21:03:27 PM : Have entered the game
INFO 20240915 21:05:35 PM : Have begun to run
INFO 20240915 21:05:38 PM : Have entered the game
INFO 20240915 21:06:40 PM : Have begun to run
INFO 20240915 21:06:42 PM : Have entered the game
INFO 20240915 21:06:51 PM : Have ended running successfully,passed the game 0 times

INFO 20240915 21:08:12 PM : Have begun to run
INFO 20240915 21:08:15 PM : Have entered the game
INFO 20240915 21:08:21 PM : Have ended running successfully,passed the game 0 times

INFO 20240915 21:09:06 PM : Have begun to run
INFO 20240915 21:09:10 PM : Have entered the game
INFO 20240915 21:09:16 PM : Have ended running successfully,passed the game 0 times

INFO 20240915 21:09:58 PM : Have begun to run
INFO 20240915 21:10:01 PM : Have entered the game
INFO 20240915 21:10:05 PM : Have ended running successfully,passed the game 0 times

INFO 20240915 21:10:27 PM : Have begun to run
INFO 20240915 21:10:30 PM : Have entered the game
INFO 20240915 21:10:37 PM : Have ended running successfully,passed the game 0 times

INFO 20240915 21:11:06 PM : Have begun to run
INFO 20240915 21:11:09 PM : Have entered the game
INFO 20240915 21:11:16 PM : Have ended running successfully,passed the game 0 times

INFO 20240915 21:11:28 PM : Have begun to run
INFO 20240915 21:11:32 PM : Have entered the game
INFO 20240915 21:11:49 PM : Have ended running successfully,passed the game 0 times

INFO 20240915 21:12:24 PM : Have begun to run
INFO 20240915 21:12:27 PM : Have entered the game
INFO 20240915 21:12:34 PM : Have ended running successfully,passed the game 0 times

INFO 20240915 21:13:13 PM : Have begun to run
INFO 20240915 21:13:15 PM : Have entered the game
INFO 20240915 21:13:20 PM : Have ended running successfully,passed the game 0 times

INFO 20240915 21:24:25 PM : Have begun to run
INFO 20240915 21:24:27 PM : Have entered the game
INFO 20240915 21:24:32 PM : Have ended running successfully,passed the game 0 times

INFO 20240915 21:42:57 PM : Have begun to run
INFO 20240915 21:43:03 PM : Have entered the game
INFO 20240915 21:43:39 PM : Have begun to run
INFO 20240915 21:43:44 PM : Have entered the game
INFO 20240915 21:45:06 PM : Have begun to run
INFO 20240915 21:45:10 PM : Have entered the game
INFO 20240915 21:45:32 PM : Have ended running successfully,passed the game 0 times

INFO 20240915 21:51:04 PM : Have begun to run
INFO 20240915 21:51:08 PM : Have entered the game
INFO 20240915 21:52:01 PM : Have ended running successfully,passed the game 0 times

INFO 20240915 21:53:57 PM : Have begun to run
INFO 20240915 21:54:00 PM : Have entered the game
INFO 20240915 21:58:02 PM : Have begun to run
INFO 20240915 21:58:19 PM : Have entered the game
INFO 20240915 21:58:43 PM : Have ended running successfully,passed the game 0 times

INFO 20240915 22:07:42 PM : Have begun to run
INFO 20240915 22:07:46 PM : Have entered the game
INFO 20240915 22:07:53 PM : Have ended running successfully,passed the game 0 times
ERROR 20240915 22:07:53 PM : name 'data' is not defined

INFO 20240915 22:09:20 PM : Have begun to run
INFO 20240915 22:09:24 PM : Have entered the game
INFO 20240915 22:09:56 PM : Have ended running successfully,passed the game 0 times

INFO 20240915 22:27:45 PM : Have begun to run
INFO 20240915 22:27:48 PM : Have entered the game
INFO 20240915 22:28:14 PM : Have ended running successfully,passed the game 0 times

INFO 20240916 08:21:24 AM : Have begun to run
INFO 20240916 08:21:26 AM : Have entered the game
INFO 20240916 08:21:37 AM : Have ended running successfully,passed the game 0 times

INFO 20240916 08:22:45 AM : Have begun to run
INFO 20240916 08:22:48 AM : Have entered the game
INFO 20240916 08:22:57 AM : Have ended running successfully,passed the game 0 times

INFO 20240916 08:23:14 AM : Have begun to run
INFO 20240916 08:23:17 AM : Have entered the game
INFO 20240916 08:25:17 AM : Have ended running successfully,passed the game 0 times

INFO 20240916 08:47:47 AM : Have begun to run
INFO 20240916 08:47:50 AM : Have entered the game
INFO 20240916 08:47:58 AM : Have ended running successfully,passed the game 0 times

INFO 20240916 08:52:18 AM : Have begun to run
INFO 20240916 08:52:22 AM : Have entered the game
INFO 20240916 08:52:44 AM : Have ended running successfully,passed the game 0 times

INFO 20240916 09:04:42 AM : Have begun to run
INFO 20240916 09:04:46 AM : Have entered the game
INFO 20240916 09:06:10 AM : Have ended running successfully,passed the game 0 times

INFO 20240916 09:06:53 AM : Have begun to run
INFO 20240916 09:06:57 AM : Have entered the game
INFO 20240916 09:06:58 AM : Have ended running successfully,passed the game 0 times
ERROR 20240916 09:06:58 AM : 'pop_ground' object has no attribute 'body'

INFO 20240916 09:10:36 AM : Have begun to run
INFO 20240916 09:10:40 AM : Have entered the game
INFO 20240916 09:10:41 AM : Have ended running successfully,passed the game 0 times
ERROR 20240916 09:10:41 AM : 'pop_ground' object has no attribute 'body'

INFO 20240916 09:12:47 AM : Have begun to run
INFO 20240916 09:12:50 AM : Have entered the game
INFO 20240916 09:12:51 AM : Have ended running successfully,passed the game 0 times
ERROR 20240916 09:12:51 AM : 'pop_ground' object has no attribute 'body'

INFO 20240916 09:25:12 AM : Have begun to run
INFO 20240916 09:25:16 AM : Have entered the game
INFO 20240916 09:25:32 AM : Have ended running successfully,passed the game 0 times

INFO 20240916 09:27:37 AM : Have begun to run
INFO 20240916 09:27:41 AM : Have entered the game
INFO 20240916 09:27:50 AM : Have ended running successfully,passed the game 0 times

INFO 20240916 09:28:16 AM : Have begun to run
INFO 20240916 09:28:19 AM : Have entered the game
INFO 20240916 09:28:51 AM : Have ended running successfully,passed the game 0 times

INFO 20240916 09:32:51 AM : Have begun to run
INFO 20240916 09:32:54 AM : Have entered the game
INFO 20240916 09:33:05 AM : Have ended running successfully,passed the game 0 times

INFO 20240916 09:34:12 AM : Have begun to run
INFO 20240916 09:34:15 AM : Have entered the game
INFO 20240916 09:34:43 AM : Have ended running successfully,passed the game 0 times

INFO 20240916 14:08:37 PM : Have begun to run
INFO 20240916 14:08:40 PM : Have entered the game
INFO 20240916 14:08:42 PM : Have ended running successfully,passed the game 0 times
ERROR 20240916 14:08:42 PM : name 'check_rcet' is not defined

INFO 20240916 14:10:01 PM : Have begun to run
INFO 20240916 14:10:03 PM : Have entered the game
INFO 20240916 14:10:04 PM : Have ended running successfully,passed the game 0 times
ERROR 20240916 14:10:04 PM : name 'check_rcet' is not defined

INFO 20240916 14:10:26 PM : Have begun to run
INFO 20240916 14:10:37 PM : Have entered the game
INFO 20240916 14:10:41 PM : Have ended running successfully,passed the game 0 times
ERROR 20240916 14:10:41 PM : Argument must be rect style object

INFO 20240916 14:11:35 PM : Have begun to run
INFO 20240916 14:11:37 PM : Have entered the game
INFO 20240916 14:11:39 PM : Have ended running successfully,passed the game 0 times
ERROR 20240916 14:11:39 PM : Argument must be rect style object

INFO 20240916 14:11:54 PM : Have begun to run
INFO 20240916 14:11:55 PM : Have entered the game
INFO 20240916 14:13:40 PM : Have ended running successfully,passed the game 0 times

INFO 20240916 14:15:45 PM : Have begun to run
INFO 20240916 14:15:48 PM : Have entered the game
INFO 20240916 14:15:52 PM : Have ended running successfully,passed the game 0 times

INFO 20240916 14:17:50 PM : Have begun to run
INFO 20240916 14:17:53 PM : Have entered the game
INFO 20240916 14:18:09 PM : Have ended running successfully,passed the game 0 times

INFO 20240916 14:18:30 PM : Have begun to run
INFO 20240916 14:18:33 PM : Have entered the game
INFO 20240916 14:18:43 PM : Have ended running successfully,passed the game 0 times

INFO 20240916 14:21:51 PM : Have begun to run
INFO 20240916 14:21:53 PM : Have entered the game
INFO 20240916 14:22:13 PM : Have ended running successfully,passed the game 0 times

INFO 20240916 14:30:15 PM : Have begun to run
INFO 20240916 14:30:18 PM : Have entered the game
INFO 20240916 14:30:19 PM : Have ended running successfully,passed the game 0 times
ERROR 20240916 14:30:19 PM : 'create_ball' object has no attribute 'rect'

INFO 20240916 14:31:02 PM : Have begun to run
INFO 20240916 14:31:05 PM : Have entered the game
INFO 20240916 14:31:34 PM : Have ended running successfully,passed the game 0 times

INFO 20240916 14:32:42 PM : Have begun to run
INFO 20240916 14:32:45 PM : Have entered the game
INFO 20240916 14:32:46 PM : Have ended running successfully,passed the game 0 times

INFO 20240916 14:33:12 PM : Have begun to run
INFO 20240916 14:33:14 PM : Have entered the game
INFO 20240916 14:33:21 PM : Have ended running successfully,passed the game 0 times

INFO 20240916 14:35:13 PM : Have begun to run
INFO 20240916 14:35:18 PM : Have entered the game
INFO 20240916 14:35:42 PM : Have ended running successfully,passed the game 0 times

INFO 20240916 14:48:43 PM : Have begun to run
INFO 20240916 14:48:46 PM : Have entered the game
INFO 20240916 14:48:48 PM : Have ended running successfully,passed the game 0 times
ERROR 20240916 14:48:48 PM : 'NoneType' object has no attribute 'colliderect'

INFO 20240916 14:49:54 PM : Have begun to run
INFO 20240916 14:49:57 PM : Have entered the game
INFO 20240916 14:49:58 PM : Have ended running successfully,passed the game 0 times
ERROR 20240916 14:49:58 PM : 'pop_ground' object has no attribute 'is_not_first'

INFO 20240916 14:52:32 PM : Have begun to run
INFO 20240916 14:52:35 PM : Have entered the game
INFO 20240916 14:52:44 PM : Have ended running successfully,passed the game 0 times

INFO 20240916 14:54:16 PM : Have begun to run
INFO 20240916 14:54:19 PM : Have entered the game
INFO 20240916 14:54:25 PM : Have ended running successfully,passed the game 0 times

INFO 20240916 14:55:05 PM : Have begun to run
INFO 20240916 14:55:07 PM : Have entered the game
INFO 20240916 14:55:14 PM : Have ended running successfully,passed the game 0 times

INFO 20240916 14:56:47 PM : Have begun to run
INFO 20240916 14:56:49 PM : Have entered the game
INFO 20240916 14:56:56 PM : Have ended running successfully,passed the game 0 times

INFO 20240916 14:58:00 PM : Have begun to run
INFO 20240916 14:58:03 PM : Have entered the game
INFO 20240916 14:58:09 PM : Have ended running successfully,passed the game 0 times

INFO 20240916 15:01:47 PM : Have begun to run
INFO 20240916 15:01:50 PM : Have entered the game
INFO 20240916 15:01:57 PM : Have ended running successfully,passed the game 0 times

INFO 20240916 15:02:20 PM : Have begun to run
INFO 20240916 15:02:23 PM : Have entered the game
INFO 20240916 15:02:26 PM : Have passed the game,died 0 times
INFO 20240916 15:02:30 PM : Have ended running successfully,passed the game 1 times

INFO 20240916 15:02:39 PM : Have begun to run
INFO 20240916 15:02:42 PM : Have entered the game
INFO 20240916 15:02:47 PM : Have ended running successfully,passed the game 0 times

INFO 20240916 15:05:23 PM : Have begun to run
INFO 20240916 15:05:26 PM : Have entered the game
INFO 20240916 15:05:33 PM : Have ended running successfully,passed the game 0 times

INFO 20240916 15:07:25 PM : Have begun to run
INFO 20240916 15:07:28 PM : Have entered the game
INFO 20240916 15:07:36 PM : Have ended running successfully,passed the game 0 times

INFO 20240916 15:10:38 PM : Have begun to run
INFO 20240916 15:10:44 PM : Have entered the game
INFO 20240916 15:10:52 PM : Have ended running successfully,passed the game 0 times

INFO 20240916 15:11:49 PM : Have begun to run
INFO 20240916 15:11:52 PM : Have entered the game
INFO 20240916 15:11:58 PM : Have ended running successfully,passed the game 0 times

INFO 20240916 15:12:13 PM : Have begun to run
INFO 20240916 15:12:16 PM : Have entered the game
INFO 20240916 15:12:41 PM : Have ended running successfully,passed the game 0 times

INFO 20240916 15:14:22 PM : Have begun to run
INFO 20240916 15:14:25 PM : Have entered the game
INFO 20240916 15:15:51 PM : Have ended running successfully,passed the game 0 times

INFO 20240916 15:16:24 PM : Have begun to run
INFO 20240916 15:16:27 PM : Have entered the game
INFO 20240916 15:17:21 PM : Have begun to run
INFO 20240916 15:17:23 PM : Have entered the game
INFO 20240916 15:17:25 PM : Have ended running successfully,passed the game 0 times
ERROR 20240916 15:17:25 PM : 'sup_ground' object has no attribute 'if_show'

INFO 20240916 15:18:16 PM : Have begun to run
INFO 20240916 15:18:19 PM : Have entered the game
INFO 20240916 15:18:20 PM : Have ended running successfully,passed the game 0 times
ERROR 20240916 15:18:20 PM : 'sup_ground' object has no attribute 'self'

INFO 20240916 15:18:38 PM : Have begun to run
INFO 20240916 15:18:40 PM : Have entered the game
INFO 20240916 15:18:46 PM : Have ended running successfully,passed the game 0 times

INFO 20240916 15:37:32 PM : Have begun to run
INFO 20240916 15:37:34 PM : Have entered the game
INFO 20240916 15:37:44 PM : Have ended running successfully,passed the game 0 times

INFO 20240916 15:40:00 PM : Have begun to run
INFO 20240916 15:40:03 PM : Have entered the game
INFO 20240916 15:40:08 PM : Have ended running successfully,passed the game 0 times
ERROR 20240916 15:40:08 PM : 'sup_ground' object has no attribute 'body'

INFO 20240916 15:45:20 PM : Have begun to run
INFO 20240916 15:45:23 PM : Have entered the game
INFO 20240916 15:45:27 PM : Have ended running successfully,passed the game 0 times
ERROR 20240916 15:45:27 PM : body not in space, already removed?

INFO 20240916 15:47:46 PM : Have begun to run
INFO 20240916 15:47:48 PM : Have entered the game
INFO 20240916 15:47:57 PM : Have ended running successfully,passed the game 0 times

INFO 20240916 15:48:00 PM : Have begun to run
INFO 20240916 15:48:02 PM : Have entered the game
INFO 20240916 15:48:07 PM : Have ended running successfully,passed the game 0 times

INFO 20240916 15:48:28 PM : Have begun to run
INFO 20240916 15:48:30 PM : Have entered the game
INFO 20240916 15:49:11 PM : Have ended running successfully,passed the game 0 times

INFO 20240916 15:49:55 PM : Have begun to run
INFO 20240916 15:49:58 PM : Have entered the game
INFO 20240916 15:50:00 PM : Have ended running successfully,passed the game 0 times
ERROR 20240916 15:50:00 PM : 'tuple' object has no attribute 'colliderect'

INFO 20240916 15:50:58 PM : Have begun to run
INFO 20240916 15:51:00 PM : Have entered the game
INFO 20240916 15:51:19 PM : Have ended running successfully,passed the game 0 times

INFO 20240916 15:51:34 PM : Have begun to run
INFO 20240916 15:51:37 PM : Have entered the game
INFO 20240916 15:53:40 PM : Have ended running successfully,passed the game 0 times

INFO 20240916 16:00:17 PM : Have begun to run
INFO 20240916 16:00:19 PM : Have entered the game
INFO 20240916 16:00:44 PM : Have ended running successfully,passed the game 0 times

